1
2
3
4
5
Done!
a
Done!
a
b
Done!
a
b
c
Done!
a
b
c
Done!
a
b
c
d
Done!
a
b
c
d
Done!
a
b
c
d
Done!
