"boxes"
1159182323
"bytes"
121827633
"chars"
1932714901
1932717986
"hashes"
1118728238
964361183
"lists"
448104403
1541271846
"strings"
801766744
"structs"
1930147392
402355443
"symbols"
22978968
721172405
"vectors"
1344488202
803618204
