(1 2 3)
("hello" "world")
true
true
true
false
true
true
false
true
hello
()
world
true
true
false
false
false
false
true
false
true
false
false
true
(3 1 4)
