1
1
1
1
2
1
2
5
5
5
1
7
1
#<undefined>
true
#<undefined>
2
jack
jane

jill
jane


true
false
