"hello world"
"ello world"
"llo world"
"lo world"
"hello world"
""
"e"
"el"
""
"l"
""
"l"
"lo"
""
"hello"
""
"abc"
#\h
#\e
#\l
#\o
(#\x #\y #\z)
(#\x)
()
false
false
false
true
false
false
true
false
false
false
true
false
true
false
true
true
false
true
true
false
true
false
true
false
false
true
false
false
true
false
false
true
false
true
false
true
true
true
true
false
true
true
false
true
true
true
false
true
true
false
true
false
false
true
false
false
true
false
false
false
false
false
false
true
false
false
true
false
false
false
true
false
true
true
true
true
false
true
true
false
true
false
true
false
false
false
false
false
true
false
false
true
false
true
false
true
true
true
true
false
true
true
false
true
true
true
false
true
true
true
true
false
false
true
false
false
true
false
false
false
