""
"some text"
(html (head) (body (p "hello world, this is a test") (div (@ (id "a div")) "some text")))
"blah"
"baz"
(html (head) (body (p (@ (class "baz")))))

"css test"
"line-through"
"underline"
(html (head) (body (p (@ (style "text-decoration: underline; ")))))

"------"
"navigation"
false
false
false
false

true
false
false
false

false
true
false
true

false
true
true
false

"------"
"adding elements"
(html (head) (body (h1 (@ (id "header"))) (p (@ (id "para")) (li "An item"))))
(html (head) (body (h1 (@ (id "header"))) (p (@ (id "para")) (ul (li "one") (li "two")))))
(html (head) (body (h1 (@ (id "header"))) (p (@ (id "para")) (ul (li "one") (li "two") (li "three")))))
(html (head) (body (h1 (@ (id "header"))) (p (@ (id "para")) (ul (li "zero") (li "one")))))

"this is a message"
"hello again"
(html (head) (body (input (@ (id "my-field") (type "text") (value "this is a message")))))
(html (head) (body (input (@ (id "my-field") (type "text") (value "hello again")))))
"hello again"

"id"
"para"

"remove"
(html (head) (body "some text"))
"some text"

"forward and backward"
